[0.383s] DEBUG:colcon:Command line arguments: ['/usr/bin/colcon', 'build', '--packages-select', 'my_robot_description']
[0.383s] DEBUG:colcon:Parsed command line arguments: Namespace(log_base=None, log_level=None, verb_name='build', build_base='build', install_base='install', merge_install=False, symlink_install=False, test_result_base=None, continue_on_error=False, executor='parallel', parallel_workers=4, event_handlers=None, ignore_user_meta=False, metas=['./colcon.meta'], base_paths=['.'], packages_ignore=None, packages_ignore_regex=None, paths=None, packages_up_to=None, packages_up_to_regex=None, packages_above=None, packages_above_and_dependencies=None, packages_above_depth=None, packages_select_by_dep=None, packages_skip_by_dep=None, packages_skip_up_to=None, packages_select_build_failed=False, packages_skip_build_finished=False, packages_select_test_failures=False, packages_skip_test_passed=False, packages_select=['my_robot_description'], packages_skip=None, packages_select_regex=None, packages_skip_regex=None, packages_start=None, packages_end=None, allow_overriding=[], cmake_args=None, cmake_target=None, cmake_target_skip_unavailable=False, cmake_clean_cache=False, cmake_clean_first=False, cmake_force_configure=False, ament_cmake_args=None, catkin_cmake_args=None, catkin_skip_building_tests=False, mixin_files=None, mixin=None, verb_parser=<colcon_mixin.mixin.mixin_argument.MixinArgumentDecorator object at 0x7f01b31f6410>, verb_extension=<colcon_core.verb.build.BuildVerb object at 0x7f01b31f5f60>, main=<bound method BuildVerb.main of <colcon_core.verb.build.BuildVerb object at 0x7f01b31f5f60>>, mixin_verb=('build',))
[1.112s] Level 1:colcon.colcon_core.package_discovery:discover_packages(colcon_meta) check parameters
[1.114s] Level 1:colcon.colcon_core.package_discovery:discover_packages(recursive) check parameters
[1.115s] Level 1:colcon.colcon_core.package_discovery:discover_packages(ignore) check parameters
[1.116s] Level 1:colcon.colcon_core.package_discovery:discover_packages(path) check parameters
[1.116s] Level 1:colcon.colcon_core.package_discovery:discover_packages(colcon_meta) discover
[1.117s] Level 1:colcon.colcon_core.package_discovery:discover_packages(recursive) discover
[1.118s] INFO:colcon.colcon_core.package_discovery:Crawling recursively for packages in '/home/ghislain/m_robot_ws'
[1.121s] Level 1:colcon.colcon_core.package_identification:_identify(.) by extensions ['ignore', 'ignore_ament_install']
[1.121s] Level 1:colcon.colcon_core.package_identification:_identify(.) by extension 'ignore'
[1.122s] Level 1:colcon.colcon_core.package_identification:_identify(.) by extension 'ignore_ament_install'
[1.123s] Level 1:colcon.colcon_core.package_identification:_identify(.) by extensions ['colcon_pkg']
[1.124s] Level 1:colcon.colcon_core.package_identification:_identify(.) by extension 'colcon_pkg'
[1.125s] Level 1:colcon.colcon_core.package_identification:_identify(.) by extensions ['colcon_meta']
[1.125s] Level 1:colcon.colcon_core.package_identification:_identify(.) by extension 'colcon_meta'
[1.126s] Level 1:colcon.colcon_core.package_identification:_identify(.) by extensions ['ros']
[1.126s] Level 1:colcon.colcon_core.package_identification:_identify(.) by extension 'ros'
[1.190s] Level 1:colcon.colcon_core.package_identification:_identify(.) by extensions ['cmake', 'python']
[1.191s] Level 1:colcon.colcon_core.package_identification:_identify(.) by extension 'cmake'
[1.191s] Level 1:colcon.colcon_core.package_identification:_identify(.) by extension 'python'
[1.193s] Level 1:colcon.colcon_core.package_identification:_identify(.) by extensions ['python_setup_py']
[1.193s] Level 1:colcon.colcon_core.package_identification:_identify(.) by extension 'python_setup_py'
[1.193s] Level 1:colcon.colcon_core.package_identification:_identify(build) by extensions ['ignore', 'ignore_ament_install']
[1.194s] Level 1:colcon.colcon_core.package_identification:_identify(build) by extension 'ignore'
[1.194s] Level 1:colcon.colcon_core.package_identification:_identify(build) ignored
[1.194s] Level 1:colcon.colcon_core.package_identification:_identify(install) by extensions ['ignore', 'ignore_ament_install']
[1.195s] Level 1:colcon.colcon_core.package_identification:_identify(install) by extension 'ignore'
[1.196s] Level 1:colcon.colcon_core.package_identification:_identify(install) ignored
[1.197s] Level 1:colcon.colcon_core.package_identification:_identify(log) by extensions ['ignore', 'ignore_ament_install']
[1.198s] Level 1:colcon.colcon_core.package_identification:_identify(log) by extension 'ignore'
[1.198s] Level 1:colcon.colcon_core.package_identification:_identify(log) ignored
[1.199s] Level 1:colcon.colcon_core.package_identification:_identify(rosbag2_2026_06_15-13_06_44) by extensions ['ignore', 'ignore_ament_install']
[1.199s] Level 1:colcon.colcon_core.package_identification:_identify(rosbag2_2026_06_15-13_06_44) by extension 'ignore'
[1.217s] Level 1:colcon.colcon_core.package_identification:_identify(rosbag2_2026_06_15-13_06_44) by extension 'ignore_ament_install'
[1.218s] Level 1:colcon.colcon_core.package_identification:_identify(rosbag2_2026_06_15-13_06_44) by extensions ['colcon_pkg']
[1.218s] Level 1:colcon.colcon_core.package_identification:_identify(rosbag2_2026_06_15-13_06_44) by extension 'colcon_pkg'
[1.218s] Level 1:colcon.colcon_core.package_identification:_identify(rosbag2_2026_06_15-13_06_44) by extensions ['colcon_meta']
[1.219s] Level 1:colcon.colcon_core.package_identification:_identify(rosbag2_2026_06_15-13_06_44) by extension 'colcon_meta'
[1.219s] Level 1:colcon.colcon_core.package_identification:_identify(rosbag2_2026_06_15-13_06_44) by extensions ['ros']
[1.219s] Level 1:colcon.colcon_core.package_identification:_identify(rosbag2_2026_06_15-13_06_44) by extension 'ros'
[1.219s] Level 1:colcon.colcon_core.package_identification:_identify(rosbag2_2026_06_15-13_06_44) by extensions ['cmake', 'python']
[1.219s] Level 1:colcon.colcon_core.package_identification:_identify(rosbag2_2026_06_15-13_06_44) by extension 'cmake'
[1.220s] Level 1:colcon.colcon_core.package_identification:_identify(rosbag2_2026_06_15-13_06_44) by extension 'python'
[1.221s] Level 1:colcon.colcon_core.package_identification:_identify(rosbag2_2026_06_15-13_06_44) by extensions ['python_setup_py']
[1.223s] Level 1:colcon.colcon_core.package_identification:_identify(rosbag2_2026_06_15-13_06_44) by extension 'python_setup_py'
[1.223s] Level 1:colcon.colcon_core.package_identification:_identify(src) by extensions ['ignore', 'ignore_ament_install']
[1.223s] Level 1:colcon.colcon_core.package_identification:_identify(src) by extension 'ignore'
[1.224s] Level 1:colcon.colcon_core.package_identification:_identify(src) by extension 'ignore_ament_install'
[1.225s] Level 1:colcon.colcon_core.package_identification:_identify(src) by extensions ['colcon_pkg']
[1.225s] Level 1:colcon.colcon_core.package_identification:_identify(src) by extension 'colcon_pkg'
[1.225s] Level 1:colcon.colcon_core.package_identification:_identify(src) by extensions ['colcon_meta']
[1.225s] Level 1:colcon.colcon_core.package_identification:_identify(src) by extension 'colcon_meta'
[1.226s] Level 1:colcon.colcon_core.package_identification:_identify(src) by extensions ['ros']
[1.226s] Level 1:colcon.colcon_core.package_identification:_identify(src) by extension 'ros'
[1.226s] Level 1:colcon.colcon_core.package_identification:_identify(src) by extensions ['cmake', 'python']
[1.226s] Level 1:colcon.colcon_core.package_identification:_identify(src) by extension 'cmake'
[1.227s] Level 1:colcon.colcon_core.package_identification:_identify(src) by extension 'python'
[1.227s] Level 1:colcon.colcon_core.package_identification:_identify(src) by extensions ['python_setup_py']
[1.227s] Level 1:colcon.colcon_core.package_identification:_identify(src) by extension 'python_setup_py'
[1.227s] Level 1:colcon.colcon_core.package_identification:_identify(src/my_robot_description) by extensions ['ignore', 'ignore_ament_install']
[1.228s] Level 1:colcon.colcon_core.package_identification:_identify(src/my_robot_description) by extension 'ignore'
[1.228s] Level 1:colcon.colcon_core.package_identification:_identify(src/my_robot_description) by extension 'ignore_ament_install'
[1.228s] Level 1:colcon.colcon_core.package_identification:_identify(src/my_robot_description) by extensions ['colcon_pkg']
[1.228s] Level 1:colcon.colcon_core.package_identification:_identify(src/my_robot_description) by extension 'colcon_pkg'
[1.229s] Level 1:colcon.colcon_core.package_identification:_identify(src/my_robot_description) by extensions ['colcon_meta']
[1.229s] Level 1:colcon.colcon_core.package_identification:_identify(src/my_robot_description) by extension 'colcon_meta'
[1.229s] Level 1:colcon.colcon_core.package_identification:_identify(src/my_robot_description) by extensions ['ros']
[1.230s] Level 1:colcon.colcon_core.package_identification:_identify(src/my_robot_description) by extension 'ros'
[1.250s] DEBUG:colcon.colcon_core.package_identification:Package 'src/my_robot_description' with type 'ros.ament_cmake' and name 'my_robot_description'
[1.255s] Level 1:colcon.colcon_core.package_discovery:discover_packages(recursive) using defaults
[1.256s] Level 1:colcon.colcon_core.package_discovery:discover_packages(ignore) discover
[1.257s] Level 1:colcon.colcon_core.package_discovery:discover_packages(ignore) using defaults
[1.257s] Level 1:colcon.colcon_core.package_discovery:discover_packages(path) discover
[1.258s] Level 1:colcon.colcon_core.package_discovery:discover_packages(path) using defaults
[1.427s] Level 1:colcon.colcon_core.package_discovery:discover_packages(prefix_path) check parameters
[1.428s] Level 1:colcon.colcon_core.package_discovery:discover_packages(prefix_path) discover
[1.431s] DEBUG:colcon.colcon_installed_package_information.package_discovery:Found 1 installed packages in /home/ghislain/m_robot_ws/install
[1.445s] DEBUG:colcon.colcon_installed_package_information.package_discovery:Found 425 installed packages in /opt/ros/humble
[1.454s] Level 1:colcon.colcon_core.package_discovery:discover_packages(prefix_path) using defaults
[1.643s] Level 5:colcon.colcon_core.verb:set package 'my_robot_description' build argument 'cmake_args' from command line to 'None'
[1.644s] Level 5:colcon.colcon_core.verb:set package 'my_robot_description' build argument 'cmake_target' from command line to 'None'
[1.645s] Level 5:colcon.colcon_core.verb:set package 'my_robot_description' build argument 'cmake_target_skip_unavailable' from command line to 'False'
[1.646s] Level 5:colcon.colcon_core.verb:set package 'my_robot_description' build argument 'cmake_clean_cache' from command line to 'False'
[1.646s] Level 5:colcon.colcon_core.verb:set package 'my_robot_description' build argument 'cmake_clean_first' from command line to 'False'
[1.648s] Level 5:colcon.colcon_core.verb:set package 'my_robot_description' build argument 'cmake_force_configure' from command line to 'False'
[1.648s] Level 5:colcon.colcon_core.verb:set package 'my_robot_description' build argument 'ament_cmake_args' from command line to 'None'
[1.649s] Level 5:colcon.colcon_core.verb:set package 'my_robot_description' build argument 'catkin_cmake_args' from command line to 'None'
[1.650s] Level 5:colcon.colcon_core.verb:set package 'my_robot_description' build argument 'catkin_skip_building_tests' from command line to 'False'
[1.650s] DEBUG:colcon.colcon_core.verb:Building package 'my_robot_description' with the following arguments: {'ament_cmake_args': None, 'build_base': '/home/ghislain/m_robot_ws/build/my_robot_description', 'catkin_cmake_args': None, 'catkin_skip_building_tests': False, 'cmake_args': None, 'cmake_clean_cache': False, 'cmake_clean_first': False, 'cmake_force_configure': False, 'cmake_target': None, 'cmake_target_skip_unavailable': False, 'install_base': '/home/ghislain/m_robot_ws/install/my_robot_description', 'merge_install': False, 'path': '/home/ghislain/m_robot_ws/src/my_robot_description', 'symlink_install': False, 'test_result_base': None}
[1.651s] INFO:colcon.colcon_core.executor:Executing jobs using 'parallel' executor
[1.656s] DEBUG:colcon.colcon_parallel_executor.executor.parallel:run_until_complete
[1.657s] INFO:colcon.colcon_ros.task.ament_cmake.build:Building ROS package in '/home/ghislain/m_robot_ws/src/my_robot_description' with build type 'ament_cmake'
[1.657s] INFO:colcon.colcon_cmake.task.cmake.build:Building CMake package in '/home/ghislain/m_robot_ws/src/my_robot_description'
[1.662s] INFO:colcon.colcon_core.plugin_system:Skipping extension 'colcon_core.shell.bat': Not used on non-Windows systems
[1.664s] INFO:colcon.colcon_core.shell:Skip shell extension 'powershell' for command environment: Not usable outside of PowerShell
[1.664s] DEBUG:colcon.colcon_core.shell:Skip shell extension 'dsv' for command environment
[1.721s] DEBUG:colcon.colcon_core.event_handler.log_command:Invoking command in '/home/ghislain/m_robot_ws/build/my_robot_description': CMAKE_PREFIX_PATH=${CMAKE_PREFIX_PATH}:/opt/ros/humble /usr/bin/cmake --build /home/ghislain/m_robot_ws/build/my_robot_description -- -j4 -l4
[1.999s] DEBUG:colcon.colcon_core.event_handler.log_command:Invoked command in '/home/ghislain/m_robot_ws/build/my_robot_description' returned '0': CMAKE_PREFIX_PATH=${CMAKE_PREFIX_PATH}:/opt/ros/humble /usr/bin/cmake --build /home/ghislain/m_robot_ws/build/my_robot_description -- -j4 -l4
[2.127s] DEBUG:colcon.colcon_core.event_handler.log_command:Invoking command in '/home/ghislain/m_robot_ws/build/my_robot_description': CMAKE_PREFIX_PATH=${CMAKE_PREFIX_PATH}:/opt/ros/humble /usr/bin/cmake --install /home/ghislain/m_robot_ws/build/my_robot_description
[2.232s] Level 1:colcon.colcon_core.environment:create_environment_scripts_only(my_robot_description)
[2.253s] Level 1:colcon.colcon_core.environment:checking '/home/ghislain/m_robot_ws/install/my_robot_description' for CMake module files
[2.281s] Level 1:colcon.colcon_core.environment:checking '/home/ghislain/m_robot_ws/install/my_robot_description' for CMake config files
[2.282s] Level 1:colcon.colcon_core.shell:create_environment_hook('my_robot_description', 'cmake_prefix_path')
[2.282s] INFO:colcon.colcon_core.shell:Creating environment hook '/home/ghislain/m_robot_ws/install/my_robot_description/share/my_robot_description/hook/cmake_prefix_path.ps1'
[2.288s] INFO:colcon.colcon_core.shell:Creating environment descriptor '/home/ghislain/m_robot_ws/install/my_robot_description/share/my_robot_description/hook/cmake_prefix_path.dsv'
[2.290s] INFO:colcon.colcon_core.shell:Creating environment hook '/home/ghislain/m_robot_ws/install/my_robot_description/share/my_robot_description/hook/cmake_prefix_path.sh'
[2.325s] Level 1:colcon.colcon_core.environment:checking '/home/ghislain/m_robot_ws/install/my_robot_description/bin'
[2.330s] DEBUG:colcon.colcon_core.event_handler.log_command:Invoked command in '/home/ghislain/m_robot_ws/build/my_robot_description' returned '0': CMAKE_PREFIX_PATH=${CMAKE_PREFIX_PATH}:/opt/ros/humble /usr/bin/cmake --install /home/ghislain/m_robot_ws/build/my_robot_description
[2.330s] Level 1:colcon.colcon_core.environment:checking '/home/ghislain/m_robot_ws/install/my_robot_description/lib/pkgconfig/my_robot_description.pc'
[2.331s] Level 1:colcon.colcon_core.environment:checking '/home/ghislain/m_robot_ws/install/my_robot_description/lib/python3.10/site-packages'
[2.332s] Level 1:colcon.colcon_core.environment:checking '/home/ghislain/m_robot_ws/install/my_robot_description/bin'
[2.333s] INFO:colcon.colcon_core.shell:Creating package script '/home/ghislain/m_robot_ws/install/my_robot_description/share/my_robot_description/package.ps1'
[2.366s] INFO:colcon.colcon_core.shell:Creating package descriptor '/home/ghislain/m_robot_ws/install/my_robot_description/share/my_robot_description/package.dsv'
[2.369s] INFO:colcon.colcon_core.shell:Creating package script '/home/ghislain/m_robot_ws/install/my_robot_description/share/my_robot_description/package.sh'
[2.385s] INFO:colcon.colcon_core.shell:Creating package script '/home/ghislain/m_robot_ws/install/my_robot_description/share/my_robot_description/package.bash'
[2.394s] INFO:colcon.colcon_core.shell:Creating package script '/home/ghislain/m_robot_ws/install/my_robot_description/share/my_robot_description/package.zsh'
[2.398s] Level 1:colcon.colcon_core.environment:create_file_with_runtime_dependencies(/home/ghislain/m_robot_ws/install/my_robot_description/share/colcon-core/packages/my_robot_description)
[2.400s] Level 1:colcon.colcon_core.environment:create_environment_scripts_only(my_robot_description)
[2.401s] Level 1:colcon.colcon_core.environment:checking '/home/ghislain/m_robot_ws/install/my_robot_description' for CMake module files
[2.402s] Level 1:colcon.colcon_core.environment:checking '/home/ghislain/m_robot_ws/install/my_robot_description' for CMake config files
[2.403s] Level 1:colcon.colcon_core.shell:create_environment_hook('my_robot_description', 'cmake_prefix_path')
[2.403s] INFO:colcon.colcon_core.shell:Creating environment hook '/home/ghislain/m_robot_ws/install/my_robot_description/share/my_robot_description/hook/cmake_prefix_path.ps1'
[2.410s] INFO:colcon.colcon_core.shell:Creating environment descriptor '/home/ghislain/m_robot_ws/install/my_robot_description/share/my_robot_description/hook/cmake_prefix_path.dsv'
[2.420s] INFO:colcon.colcon_core.shell:Creating environment hook '/home/ghislain/m_robot_ws/install/my_robot_description/share/my_robot_description/hook/cmake_prefix_path.sh'
[2.422s] Level 1:colcon.colcon_core.environment:checking '/home/ghislain/m_robot_ws/install/my_robot_description/bin'
[2.423s] Level 1:colcon.colcon_core.environment:checking '/home/ghislain/m_robot_ws/install/my_robot_description/lib/pkgconfig/my_robot_description.pc'
[2.423s] Level 1:colcon.colcon_core.environment:checking '/home/ghislain/m_robot_ws/install/my_robot_description/lib/python3.10/site-packages'
[2.426s] Level 1:colcon.colcon_core.environment:checking '/home/ghislain/m_robot_ws/install/my_robot_description/bin'
[2.427s] INFO:colcon.colcon_core.shell:Creating package script '/home/ghislain/m_robot_ws/install/my_robot_description/share/my_robot_description/package.ps1'
[2.429s] INFO:colcon.colcon_core.shell:Creating package descriptor '/home/ghislain/m_robot_ws/install/my_robot_description/share/my_robot_description/package.dsv'
[2.432s] INFO:colcon.colcon_core.shell:Creating package script '/home/ghislain/m_robot_ws/install/my_robot_description/share/my_robot_description/package.sh'
[2.433s] INFO:colcon.colcon_core.shell:Creating package script '/home/ghislain/m_robot_ws/install/my_robot_description/share/my_robot_description/package.bash'
[2.442s] INFO:colcon.colcon_core.shell:Creating package script '/home/ghislain/m_robot_ws/install/my_robot_description/share/my_robot_description/package.zsh'
[2.462s] Level 1:colcon.colcon_core.environment:create_file_with_runtime_dependencies(/home/ghislain/m_robot_ws/install/my_robot_description/share/colcon-core/packages/my_robot_description)
[2.469s] DEBUG:colcon.colcon_parallel_executor.executor.parallel:closing loop
[2.470s] DEBUG:colcon.colcon_parallel_executor.executor.parallel:loop closed
[2.470s] DEBUG:colcon.colcon_parallel_executor.executor.parallel:run_until_complete finished with '0'
[2.470s] DEBUG:colcon.colcon_core.event_reactor:joining thread
[2.490s] INFO:colcon.colcon_core.plugin_system:Skipping extension 'colcon_notification.desktop_notification.terminal_notifier': Not used on non-Darwin systems
[2.491s] INFO:colcon.colcon_core.plugin_system:Skipping extension 'colcon_notification.desktop_notification.win32': Not used on non-Windows systems
[2.491s] INFO:colcon.colcon_notification.desktop_notification:Sending desktop notification using 'notify2'
[2.636s] DEBUG:colcon.colcon_core.event_reactor:joined thread
[2.638s] INFO:colcon.colcon_core.shell:Creating prefix script '/home/ghislain/m_robot_ws/install/local_setup.ps1'
[2.652s] INFO:colcon.colcon_core.shell:Creating prefix util module '/home/ghislain/m_robot_ws/install/_local_setup_util_ps1.py'
[2.664s] INFO:colcon.colcon_core.shell:Creating prefix chain script '/home/ghislain/m_robot_ws/install/setup.ps1'
[2.713s] INFO:colcon.colcon_core.shell:Creating prefix script '/home/ghislain/m_robot_ws/install/local_setup.sh'
[2.721s] INFO:colcon.colcon_core.shell:Creating prefix util module '/home/ghislain/m_robot_ws/install/_local_setup_util_sh.py'
[2.723s] INFO:colcon.colcon_core.shell:Creating prefix chain script '/home/ghislain/m_robot_ws/install/setup.sh'
[2.730s] INFO:colcon.colcon_core.shell:Creating prefix script '/home/ghislain/m_robot_ws/install/local_setup.bash'
[2.734s] INFO:colcon.colcon_core.shell:Creating prefix chain script '/home/ghislain/m_robot_ws/install/setup.bash'
[2.746s] INFO:colcon.colcon_core.shell:Creating prefix script '/home/ghislain/m_robot_ws/install/local_setup.zsh'
[2.753s] INFO:colcon.colcon_core.shell:Creating prefix chain script '/home/ghislain/m_robot_ws/install/setup.zsh'
