[0.996s] DEBUG:colcon:Command line arguments: ['/usr/bin/colcon', 'build', '--packages-select', 'my_robot_description']
[0.997s] DEBUG:colcon:Parsed command line arguments: Namespace(log_base=None, log_level=None, verb_name='build', build_base='build', install_base='install', merge_install=False, symlink_install=False, test_result_base=None, continue_on_error=False, executor='parallel', parallel_workers=4, event_handlers=None, ignore_user_meta=False, metas=['./colcon.meta'], base_paths=['.'], packages_ignore=None, packages_ignore_regex=None, paths=None, packages_up_to=None, packages_up_to_regex=None, packages_above=None, packages_above_and_dependencies=None, packages_above_depth=None, packages_select_by_dep=None, packages_skip_by_dep=None, packages_skip_up_to=None, packages_select_build_failed=False, packages_skip_build_finished=False, packages_select_test_failures=False, packages_skip_test_passed=False, packages_select=['my_robot_description'], packages_skip=None, packages_select_regex=None, packages_skip_regex=None, packages_start=None, packages_end=None, allow_overriding=[], cmake_args=None, cmake_target=None, cmake_target_skip_unavailable=False, cmake_clean_cache=False, cmake_clean_first=False, cmake_force_configure=False, ament_cmake_args=None, catkin_cmake_args=None, catkin_skip_building_tests=False, mixin_files=None, mixin=None, verb_parser=<colcon_mixin.mixin.mixin_argument.MixinArgumentDecorator object at 0x7f000c912410>, verb_extension=<colcon_core.verb.build.BuildVerb object at 0x7f000c911f60>, main=<bound method BuildVerb.main of <colcon_core.verb.build.BuildVerb object at 0x7f000c911f60>>, mixin_verb=('build',))
[3.167s] Level 1:colcon.colcon_core.package_discovery:discover_packages(colcon_meta) check parameters
[3.168s] Level 1:colcon.colcon_core.package_discovery:discover_packages(recursive) check parameters
[3.168s] Level 1:colcon.colcon_core.package_discovery:discover_packages(ignore) check parameters
[3.168s] Level 1:colcon.colcon_core.package_discovery:discover_packages(path) check parameters
[3.168s] Level 1:colcon.colcon_core.package_discovery:discover_packages(colcon_meta) discover
[3.169s] Level 1:colcon.colcon_core.package_discovery:discover_packages(recursive) discover
[3.169s] INFO:colcon.colcon_core.package_discovery:Crawling recursively for packages in '/home/ghislain/m_robot_ws'
[3.170s] Level 1:colcon.colcon_core.package_identification:_identify(.) by extensions ['ignore', 'ignore_ament_install']
[3.171s] Level 1:colcon.colcon_core.package_identification:_identify(.) by extension 'ignore'
[3.171s] Level 1:colcon.colcon_core.package_identification:_identify(.) by extension 'ignore_ament_install'
[3.171s] Level 1:colcon.colcon_core.package_identification:_identify(.) by extensions ['colcon_pkg']
[3.171s] Level 1:colcon.colcon_core.package_identification:_identify(.) by extension 'colcon_pkg'
[3.172s] Level 1:colcon.colcon_core.package_identification:_identify(.) by extensions ['colcon_meta']
[3.172s] Level 1:colcon.colcon_core.package_identification:_identify(.) by extension 'colcon_meta'
[3.172s] Level 1:colcon.colcon_core.package_identification:_identify(.) by extensions ['ros']
[3.172s] Level 1:colcon.colcon_core.package_identification:_identify(.) by extension 'ros'
[3.201s] Level 1:colcon.colcon_core.package_identification:_identify(.) by extensions ['cmake', 'python']
[3.201s] Level 1:colcon.colcon_core.package_identification:_identify(.) by extension 'cmake'
[3.201s] Level 1:colcon.colcon_core.package_identification:_identify(.) by extension 'python'
[3.201s] Level 1:colcon.colcon_core.package_identification:_identify(.) by extensions ['python_setup_py']
[3.201s] Level 1:colcon.colcon_core.package_identification:_identify(.) by extension 'python_setup_py'
[3.202s] Level 1:colcon.colcon_core.package_identification:_identify(build) by extensions ['ignore', 'ignore_ament_install']
[3.202s] Level 1:colcon.colcon_core.package_identification:_identify(build) by extension 'ignore'
[3.203s] Level 1:colcon.colcon_core.package_identification:_identify(build) ignored
[3.203s] Level 1:colcon.colcon_core.package_identification:_identify(install) by extensions ['ignore', 'ignore_ament_install']
[3.203s] Level 1:colcon.colcon_core.package_identification:_identify(install) by extension 'ignore'
[3.203s] Level 1:colcon.colcon_core.package_identification:_identify(install) ignored
[3.204s] Level 1:colcon.colcon_core.package_identification:_identify(log) by extensions ['ignore', 'ignore_ament_install']
[3.204s] Level 1:colcon.colcon_core.package_identification:_identify(log) by extension 'ignore'
[3.204s] Level 1:colcon.colcon_core.package_identification:_identify(log) ignored
[3.205s] Level 1:colcon.colcon_core.package_identification:_identify(rosbag2_2026_06_15-13_06_44) by extensions ['ignore', 'ignore_ament_install']
[3.205s] Level 1:colcon.colcon_core.package_identification:_identify(rosbag2_2026_06_15-13_06_44) by extension 'ignore'
[3.205s] Level 1:colcon.colcon_core.package_identification:_identify(rosbag2_2026_06_15-13_06_44) by extension 'ignore_ament_install'
[3.206s] Level 1:colcon.colcon_core.package_identification:_identify(rosbag2_2026_06_15-13_06_44) by extensions ['colcon_pkg']
[3.206s] Level 1:colcon.colcon_core.package_identification:_identify(rosbag2_2026_06_15-13_06_44) by extension 'colcon_pkg'
[3.206s] Level 1:colcon.colcon_core.package_identification:_identify(rosbag2_2026_06_15-13_06_44) by extensions ['colcon_meta']
[3.206s] Level 1:colcon.colcon_core.package_identification:_identify(rosbag2_2026_06_15-13_06_44) by extension 'colcon_meta'
[3.207s] Level 1:colcon.colcon_core.package_identification:_identify(rosbag2_2026_06_15-13_06_44) by extensions ['ros']
[3.207s] Level 1:colcon.colcon_core.package_identification:_identify(rosbag2_2026_06_15-13_06_44) by extension 'ros'
[3.207s] Level 1:colcon.colcon_core.package_identification:_identify(rosbag2_2026_06_15-13_06_44) by extensions ['cmake', 'python']
[3.207s] Level 1:colcon.colcon_core.package_identification:_identify(rosbag2_2026_06_15-13_06_44) by extension 'cmake'
[3.207s] Level 1:colcon.colcon_core.package_identification:_identify(rosbag2_2026_06_15-13_06_44) by extension 'python'
[3.208s] Level 1:colcon.colcon_core.package_identification:_identify(rosbag2_2026_06_15-13_06_44) by extensions ['python_setup_py']
[3.208s] Level 1:colcon.colcon_core.package_identification:_identify(rosbag2_2026_06_15-13_06_44) by extension 'python_setup_py'
[3.208s] Level 1:colcon.colcon_core.package_identification:_identify(src) by extensions ['ignore', 'ignore_ament_install']
[3.209s] Level 1:colcon.colcon_core.package_identification:_identify(src) by extension 'ignore'
[3.209s] Level 1:colcon.colcon_core.package_identification:_identify(src) by extension 'ignore_ament_install'
[3.209s] Level 1:colcon.colcon_core.package_identification:_identify(src) by extensions ['colcon_pkg']
[3.209s] Level 1:colcon.colcon_core.package_identification:_identify(src) by extension 'colcon_pkg'
[3.210s] Level 1:colcon.colcon_core.package_identification:_identify(src) by extensions ['colcon_meta']
[3.210s] Level 1:colcon.colcon_core.package_identification:_identify(src) by extension 'colcon_meta'
[3.210s] Level 1:colcon.colcon_core.package_identification:_identify(src) by extensions ['ros']
[3.210s] Level 1:colcon.colcon_core.package_identification:_identify(src) by extension 'ros'
[3.211s] Level 1:colcon.colcon_core.package_identification:_identify(src) by extensions ['cmake', 'python']
[3.211s] Level 1:colcon.colcon_core.package_identification:_identify(src) by extension 'cmake'
[3.211s] Level 1:colcon.colcon_core.package_identification:_identify(src) by extension 'python'
[3.211s] Level 1:colcon.colcon_core.package_identification:_identify(src) by extensions ['python_setup_py']
[3.211s] Level 1:colcon.colcon_core.package_identification:_identify(src) by extension 'python_setup_py'
[3.212s] Level 1:colcon.colcon_core.package_identification:_identify(src/my_robot_description) by extensions ['ignore', 'ignore_ament_install']
[3.212s] Level 1:colcon.colcon_core.package_identification:_identify(src/my_robot_description) by extension 'ignore'
[3.213s] Level 1:colcon.colcon_core.package_identification:_identify(src/my_robot_description) by extension 'ignore_ament_install'
[3.214s] Level 1:colcon.colcon_core.package_identification:_identify(src/my_robot_description) by extensions ['colcon_pkg']
[3.214s] Level 1:colcon.colcon_core.package_identification:_identify(src/my_robot_description) by extension 'colcon_pkg'
[3.214s] Level 1:colcon.colcon_core.package_identification:_identify(src/my_robot_description) by extensions ['colcon_meta']
[3.214s] Level 1:colcon.colcon_core.package_identification:_identify(src/my_robot_description) by extension 'colcon_meta'
[3.214s] Level 1:colcon.colcon_core.package_identification:_identify(src/my_robot_description) by extensions ['ros']
[3.215s] Level 1:colcon.colcon_core.package_identification:_identify(src/my_robot_description) by extension 'ros'
[3.227s] DEBUG:colcon.colcon_core.package_identification:Package 'src/my_robot_description' with type 'ros.ament_cmake' and name 'my_robot_description'
[3.227s] Level 1:colcon.colcon_core.package_discovery:discover_packages(recursive) using defaults
[3.227s] Level 1:colcon.colcon_core.package_discovery:discover_packages(ignore) discover
[3.227s] Level 1:colcon.colcon_core.package_discovery:discover_packages(ignore) using defaults
[3.228s] Level 1:colcon.colcon_core.package_discovery:discover_packages(path) discover
[3.228s] Level 1:colcon.colcon_core.package_discovery:discover_packages(path) using defaults
[3.403s] Level 1:colcon.colcon_core.package_discovery:discover_packages(prefix_path) check parameters
[3.403s] Level 1:colcon.colcon_core.package_discovery:discover_packages(prefix_path) discover
[3.418s] DEBUG:colcon.colcon_installed_package_information.package_discovery:Found 1 installed packages in /home/ghislain/m_robot_ws/install
[3.422s] DEBUG:colcon.colcon_installed_package_information.package_discovery:Found 425 installed packages in /opt/ros/humble
[3.426s] Level 1:colcon.colcon_core.package_discovery:discover_packages(prefix_path) using defaults
[3.581s] Level 5:colcon.colcon_core.verb:set package 'my_robot_description' build argument 'cmake_args' from command line to 'None'
[3.581s] Level 5:colcon.colcon_core.verb:set package 'my_robot_description' build argument 'cmake_target' from command line to 'None'
[3.581s] Level 5:colcon.colcon_core.verb:set package 'my_robot_description' build argument 'cmake_target_skip_unavailable' from command line to 'False'
[3.581s] Level 5:colcon.colcon_core.verb:set package 'my_robot_description' build argument 'cmake_clean_cache' from command line to 'False'
[3.581s] Level 5:colcon.colcon_core.verb:set package 'my_robot_description' build argument 'cmake_clean_first' from command line to 'False'
[3.581s] Level 5:colcon.colcon_core.verb:set package 'my_robot_description' build argument 'cmake_force_configure' from command line to 'False'
[3.582s] Level 5:colcon.colcon_core.verb:set package 'my_robot_description' build argument 'ament_cmake_args' from command line to 'None'
[3.582s] Level 5:colcon.colcon_core.verb:set package 'my_robot_description' build argument 'catkin_cmake_args' from command line to 'None'
[3.582s] Level 5:colcon.colcon_core.verb:set package 'my_robot_description' build argument 'catkin_skip_building_tests' from command line to 'False'
[3.582s] DEBUG:colcon.colcon_core.verb:Building package 'my_robot_description' with the following arguments: {'ament_cmake_args': None, 'build_base': '/home/ghislain/m_robot_ws/build/my_robot_description', 'catkin_cmake_args': None, 'catkin_skip_building_tests': False, 'cmake_args': None, 'cmake_clean_cache': False, 'cmake_clean_first': False, 'cmake_force_configure': False, 'cmake_target': None, 'cmake_target_skip_unavailable': False, 'install_base': '/home/ghislain/m_robot_ws/install/my_robot_description', 'merge_install': False, 'path': '/home/ghislain/m_robot_ws/src/my_robot_description', 'symlink_install': False, 'test_result_base': None}
[3.583s] INFO:colcon.colcon_core.executor:Executing jobs using 'parallel' executor
[3.585s] DEBUG:colcon.colcon_parallel_executor.executor.parallel:run_until_complete
[3.588s] INFO:colcon.colcon_ros.task.ament_cmake.build:Building ROS package in '/home/ghislain/m_robot_ws/src/my_robot_description' with build type 'ament_cmake'
[3.589s] INFO:colcon.colcon_cmake.task.cmake.build:Building CMake package in '/home/ghislain/m_robot_ws/src/my_robot_description'
[3.641s] INFO:colcon.colcon_core.plugin_system:Skipping extension 'colcon_core.shell.bat': Not used on non-Windows systems
[3.643s] INFO:colcon.colcon_core.shell:Skip shell extension 'powershell' for command environment: Not usable outside of PowerShell
[3.644s] DEBUG:colcon.colcon_core.shell:Skip shell extension 'dsv' for command environment
[3.721s] DEBUG:colcon.colcon_core.event_handler.log_command:Invoking command in '/home/ghislain/m_robot_ws/build/my_robot_description': CMAKE_PREFIX_PATH=${CMAKE_PREFIX_PATH}:/opt/ros/humble /usr/bin/cmake --build /home/ghislain/m_robot_ws/build/my_robot_description -- -j4 -l4
[4.659s] DEBUG:colcon.colcon_core.event_handler.log_command:Invoked command in '/home/ghislain/m_robot_ws/build/my_robot_description' returned '0': CMAKE_PREFIX_PATH=${CMAKE_PREFIX_PATH}:/opt/ros/humble /usr/bin/cmake --build /home/ghislain/m_robot_ws/build/my_robot_description -- -j4 -l4
[4.695s] DEBUG:colcon.colcon_core.event_handler.log_command:Invoking command in '/home/ghislain/m_robot_ws/build/my_robot_description': CMAKE_PREFIX_PATH=${CMAKE_PREFIX_PATH}:/opt/ros/humble /usr/bin/cmake --install /home/ghislain/m_robot_ws/build/my_robot_description
[4.762s] Level 1:colcon.colcon_core.environment:create_environment_scripts_only(my_robot_description)
[4.783s] DEBUG:colcon.colcon_core.event_handler.log_command:Invoked command in '/home/ghislain/m_robot_ws/build/my_robot_description' returned '0': CMAKE_PREFIX_PATH=${CMAKE_PREFIX_PATH}:/opt/ros/humble /usr/bin/cmake --install /home/ghislain/m_robot_ws/build/my_robot_description
[4.826s] Level 1:colcon.colcon_core.environment:checking '/home/ghislain/m_robot_ws/install/my_robot_description' for CMake module files
[4.827s] Level 1:colcon.colcon_core.environment:checking '/home/ghislain/m_robot_ws/install/my_robot_description' for CMake config files
[4.828s] Level 1:colcon.colcon_core.shell:create_environment_hook('my_robot_description', 'cmake_prefix_path')
[4.828s] INFO:colcon.colcon_core.shell:Creating environment hook '/home/ghislain/m_robot_ws/install/my_robot_description/share/my_robot_description/hook/cmake_prefix_path.ps1'
[4.835s] INFO:colcon.colcon_core.shell:Creating environment descriptor '/home/ghislain/m_robot_ws/install/my_robot_description/share/my_robot_description/hook/cmake_prefix_path.dsv'
[4.840s] INFO:colcon.colcon_core.shell:Creating environment hook '/home/ghislain/m_robot_ws/install/my_robot_description/share/my_robot_description/hook/cmake_prefix_path.sh'
[4.844s] Level 1:colcon.colcon_core.environment:checking '/home/ghislain/m_robot_ws/install/my_robot_description/bin'
[4.844s] Level 1:colcon.colcon_core.environment:checking '/home/ghislain/m_robot_ws/install/my_robot_description/lib/pkgconfig/my_robot_description.pc'
[4.846s] Level 1:colcon.colcon_core.environment:checking '/home/ghislain/m_robot_ws/install/my_robot_description/lib/python3.10/site-packages'
[4.846s] Level 1:colcon.colcon_core.environment:checking '/home/ghislain/m_robot_ws/install/my_robot_description/bin'
[4.847s] INFO:colcon.colcon_core.shell:Creating package script '/home/ghislain/m_robot_ws/install/my_robot_description/share/my_robot_description/package.ps1'
[4.864s] INFO:colcon.colcon_core.shell:Creating package descriptor '/home/ghislain/m_robot_ws/install/my_robot_description/share/my_robot_description/package.dsv'
[4.870s] INFO:colcon.colcon_core.shell:Creating package script '/home/ghislain/m_robot_ws/install/my_robot_description/share/my_robot_description/package.sh'
[4.875s] INFO:colcon.colcon_core.shell:Creating package script '/home/ghislain/m_robot_ws/install/my_robot_description/share/my_robot_description/package.bash'
[4.883s] INFO:colcon.colcon_core.shell:Creating package script '/home/ghislain/m_robot_ws/install/my_robot_description/share/my_robot_description/package.zsh'
[4.895s] Level 1:colcon.colcon_core.environment:create_file_with_runtime_dependencies(/home/ghislain/m_robot_ws/install/my_robot_description/share/colcon-core/packages/my_robot_description)
[4.900s] Level 1:colcon.colcon_core.environment:create_environment_scripts_only(my_robot_description)
[4.902s] Level 1:colcon.colcon_core.environment:checking '/home/ghislain/m_robot_ws/install/my_robot_description' for CMake module files
[4.903s] Level 1:colcon.colcon_core.environment:checking '/home/ghislain/m_robot_ws/install/my_robot_description' for CMake config files
[4.904s] Level 1:colcon.colcon_core.shell:create_environment_hook('my_robot_description', 'cmake_prefix_path')
[4.906s] INFO:colcon.colcon_core.shell:Creating environment hook '/home/ghislain/m_robot_ws/install/my_robot_description/share/my_robot_description/hook/cmake_prefix_path.ps1'
[4.907s] INFO:colcon.colcon_core.shell:Creating environment descriptor '/home/ghislain/m_robot_ws/install/my_robot_description/share/my_robot_description/hook/cmake_prefix_path.dsv'
[4.909s] INFO:colcon.colcon_core.shell:Creating environment hook '/home/ghislain/m_robot_ws/install/my_robot_description/share/my_robot_description/hook/cmake_prefix_path.sh'
[4.912s] Level 1:colcon.colcon_core.environment:checking '/home/ghislain/m_robot_ws/install/my_robot_description/bin'
[4.912s] Level 1:colcon.colcon_core.environment:checking '/home/ghislain/m_robot_ws/install/my_robot_description/lib/pkgconfig/my_robot_description.pc'
[4.912s] Level 1:colcon.colcon_core.environment:checking '/home/ghislain/m_robot_ws/install/my_robot_description/lib/python3.10/site-packages'
[4.914s] Level 1:colcon.colcon_core.environment:checking '/home/ghislain/m_robot_ws/install/my_robot_description/bin'
[4.915s] INFO:colcon.colcon_core.shell:Creating package script '/home/ghislain/m_robot_ws/install/my_robot_description/share/my_robot_description/package.ps1'
[4.917s] INFO:colcon.colcon_core.shell:Creating package descriptor '/home/ghislain/m_robot_ws/install/my_robot_description/share/my_robot_description/package.dsv'
[4.919s] INFO:colcon.colcon_core.shell:Creating package script '/home/ghislain/m_robot_ws/install/my_robot_description/share/my_robot_description/package.sh'
[4.922s] INFO:colcon.colcon_core.shell:Creating package script '/home/ghislain/m_robot_ws/install/my_robot_description/share/my_robot_description/package.bash'
[4.924s] INFO:colcon.colcon_core.shell:Creating package script '/home/ghislain/m_robot_ws/install/my_robot_description/share/my_robot_description/package.zsh'
[4.926s] Level 1:colcon.colcon_core.environment:create_file_with_runtime_dependencies(/home/ghislain/m_robot_ws/install/my_robot_description/share/colcon-core/packages/my_robot_description)
[4.927s] DEBUG:colcon.colcon_parallel_executor.executor.parallel:closing loop
[4.930s] DEBUG:colcon.colcon_parallel_executor.executor.parallel:loop closed
[4.931s] DEBUG:colcon.colcon_parallel_executor.executor.parallel:run_until_complete finished with '0'
[4.932s] DEBUG:colcon.colcon_core.event_reactor:joining thread
[5.020s] INFO:colcon.colcon_core.plugin_system:Skipping extension 'colcon_notification.desktop_notification.terminal_notifier': Not used on non-Darwin systems
[5.021s] INFO:colcon.colcon_core.plugin_system:Skipping extension 'colcon_notification.desktop_notification.win32': Not used on non-Windows systems
[5.023s] INFO:colcon.colcon_notification.desktop_notification:Sending desktop notification using 'notify2'
[5.228s] DEBUG:colcon.colcon_core.event_reactor:joined thread
[5.229s] INFO:colcon.colcon_core.shell:Creating prefix script '/home/ghislain/m_robot_ws/install/local_setup.ps1'
[5.235s] INFO:colcon.colcon_core.shell:Creating prefix util module '/home/ghislain/m_robot_ws/install/_local_setup_util_ps1.py'
[5.240s] INFO:colcon.colcon_core.shell:Creating prefix chain script '/home/ghislain/m_robot_ws/install/setup.ps1'
[5.252s] INFO:colcon.colcon_core.shell:Creating prefix script '/home/ghislain/m_robot_ws/install/local_setup.sh'
[5.260s] INFO:colcon.colcon_core.shell:Creating prefix util module '/home/ghislain/m_robot_ws/install/_local_setup_util_sh.py'
[5.265s] INFO:colcon.colcon_core.shell:Creating prefix chain script '/home/ghislain/m_robot_ws/install/setup.sh'
[5.277s] INFO:colcon.colcon_core.shell:Creating prefix script '/home/ghislain/m_robot_ws/install/local_setup.bash'
[5.284s] INFO:colcon.colcon_core.shell:Creating prefix chain script '/home/ghislain/m_robot_ws/install/setup.bash'
[5.301s] INFO:colcon.colcon_core.shell:Creating prefix script '/home/ghislain/m_robot_ws/install/local_setup.zsh'
[5.307s] INFO:colcon.colcon_core.shell:Creating prefix chain script '/home/ghislain/m_robot_ws/install/setup.zsh'
